<?xml version="1.0" encoding="UTF-8"?>
<!DOCTYPE score-partwise PUBLIC "-//Recordare//DTD MusicXML 2.0 Partwise//EN"
                                "http://www.musicxml.org/dtds/partwise.dtd">
<score-partwise version="2.0">
  <identification>
    <encoding>
      <software>foo</software>
      <software>libvsq</software>
    </encoding>
  </identification>
  <part-list>
    <score-part id="P1">
      <part-name>Voice1</part-name>
    </score-part>
  </part-list>
  <part id="P1">
    <measure number="1">
      <attributes>
        <divisions>480</divisions>
        <time symbol="common">
          <beats>4</beats>
          <beat-type>4</beat-type>
        </time>
      </attributes>
      <direction placement="above">
        <direction-type>
          <metronome>
            <beat-unit>quarter</beat-unit>
            <per-minute>120</per-minute>
          </metronome>
          <words>Tempo 120</words>
        </direction-type>
        <sound tempo="120"/>
      </direction>
      <note>
        <rest/>
        <voice>1</voice>
        <duration>1920</duration>
        <type>whole</type>
      </note>
    </measure>
    <measure number="2">
      <direction placement="above">
        <direction-type>
          <metronome>
            <beat-unit>quarter</beat-unit>
            <per-minute>240</per-minute>
          </metronome>
          <words>Tempo 240</words>
        </direction-type>
        <sound tempo="240"/>
        <offset>0</offset>
      </direction>
      <note>
        <pitch>
          <step>C</step>
          <octave>4</octave>
        </pitch>
        <stem>up</stem>
        <tie type="start"/>
        <notations>
          <tied type="start"/>
        </notations>
        <lyric>
          <text>„ÅÇ</text>
        </lyric>
        <voice>1</voice>
        <duration>1920</duration>
        <type>whole</type>
      </note>
    </measure>
    <measure number="3">
      <attributes>
        <divisions>480</divisions>
        <time symbol="common">
          <beats>3</beats>
          <beat-type>4</beat-type>
        </time>
      </attributes>
      <note>
        <pitch>
          <step>C</step>
          <octave>4</octave>
        </pitch>
        <stem>up</stem>
        <tie type="start"/>
        <notations>
          <tied type="start"/>
        </notations>
        <tie type="stop"/>
        <notations>
          <tied type="stop"/>
        </notations>
        <voice>1</voice>
        <duration>480</duration>
        <type>quarter</type>
      </note>
      <note>
        <pitch>
          <step>C</step>
          <octave>4</octave>
        </pitch>
        <stem>up</stem>
        <tie type="start"/>
        <notations>
          <tied type="start"/>
        </notations>
        <tie type="stop"/>
        <notations>
          <tied type="stop"/>
        </notations>
        <voice>1</voice>
        <duration>240</duration>
        <type>eighth</type>
      </note>
      <note>
        <pitch>
          <step>C</step>
          <octave>4</octave>
        </pitch>
        <stem>up</stem>
        <tie type="start"/>
        <notations>
          <tied type="start"/>
        </notations>
        <tie type="stop"/>
        <notations>
          <tied type="stop"/>
        </notations>
        <voice>1</voice>
        <duration>120</duration>
        <type>16th</type>
      </note>
      <note>
        <pitch>
          <step>C</step>
          <octave>4</octave>
        </pitch>
        <stem>up</stem>
        <tie type="start"/>
        <notations>
          <tied type="start"/>
        </notations>
        <tie type="stop"/>
        <notations>
          <tied type="stop"/>
        </notations>
        <voice>1</voice>
        <duration>60</duration>
        <type>32nd</type>
      </note>
      <note>
        <pitch>
          <step>C</step>
          <octave>4</octave>
        </pitch>
        <stem>up</stem>
        <tie type="start"/>
        <notations>
          <tied type="start"/>
        </notations>
        <tie type="stop"/>
        <notations>
          <tied type="stop"/>
        </notations>
        <voice>1</voice>
        <duration>30</duration>
        <type>64th</type>
      </note>
      <note>
        <pitch>
          <step>C</step>
          <octave>4</octave>
        </pitch>
        <stem>up</stem>
        <tie type="stop"/>
        <notations>
          <tied type="stop"/>
        </notations>
        <voice>1</voice>
        <duration>15</duration>
        <type>128th</type>
      </note>
      <note>
        <rest/>
        <voice>1</voice>
        <duration>480</duration>
        <type>quarter</type>
      </note>
      <note>
        <rest/>
        <voice>1</voice>
        <duration>15</duration>
        <type>128th</type>
      </note>
    </measure>
  </part>
</score-partwise>
